// Jest Snapshot v1, https://goo.gl/fbAQLP

exports[`App Should maintain existing snapshot 1`] = `
<div
  className="not-found"
>
  <div
    className="notfound-bg"
  />
  <div
    className="notfound"
  >
    <div
      className="notfound-404"
    >
      <h1>
        404
      </h1>
    </div>
    <div
      className="notfound-404"
    >
      <h2>
        The
        <span
          className="px-1"
        >
          page
        </span>
        you are searching for does not exist.
        <br />
        You may need to consider going back to our
        <a
          className="px-1"
          href="/"
        >
          Home Page
        </a>
      </h2>
    </div>
  </div>
</div>
`;
