// Jest Snapshot v1, https://goo.gl/fbAQLP

exports[`<SocialLogin /> renders correctly when there are no props 1`] = `
<div
  className="social-login"
>
  <div
    className="google-login"
  >
    <a
      href="https://forsetti-ah-backend-staging.herokuapp.com/api/v1/auth/google"
    >
      <img
        alt="Google"
        src={
          Object {
            "canInstrument": true,
            "createTransformer": [Function],
            "getCacheKey": [Function],
            "process": [Function],
          }
        }
      />
    </a>
  </div>
  <div
    className="facebook-login"
  >
    <a
      href="https://forsetti-ah-backend-staging.herokuapp.com/api/v1/auth/facebook"
    >
      <img
        alt="Facebook"
        src={
          Object {
            "canInstrument": true,
            "createTransformer": [Function],
            "getCacheKey": [Function],
            "process": [Function],
          }
        }
      />
    </a>
  </div>
  <div
    className="twitter-login"
  >
    <a
      href="https://forsetti-ah-backend-staging.herokuapp.com/api/v1/auth/twitter"
    >
      <img
        alt="Twitter"
        src={
          Object {
            "canInstrument": true,
            "createTransformer": [Function],
            "getCacheKey": [Function],
            "process": [Function],
          }
        }
      />
    </a>
  </div>
</div>
`;
